

================================================================
== Synthesis Summary Report of 'nn_inference'
================================================================
+ General Information: 
    * Date:           Mon Nov 25 10:27:54 2024
    * Version:        2020.2 (Build 3064766 on Wed Nov 18 09:12:47 MST 2020)
    * Project:        neural_network_hls
    * Solution:       solution1 (Vivado IP Flow Target)
    * Product family: zynquplus
    * Target device:  xczu3eg-sbva484-1-e
    

+ Performance & Resource Estimates: 
    
    PS: '+' for module; 'o' for loop; '*' for dataflow
    +-----------------------------+------+-------+---------+-----------+----------+---------+------+----------+---------+----------+------------+-------------+-----+
    |           Modules           | Issue|       | Latency |  Latency  | Iteration|         | Trip |          |         |          |            |             |     |
    |           & Loops           | Type | Slack | (cycles)|    (ns)   |  Latency | Interval| Count| Pipelined|  BRAM   |    DSP   |     FF     |     LUT     | URAM|
    +-----------------------------+------+-------+---------+-----------+----------+---------+------+----------+---------+----------+------------+-------------+-----+
    |+ nn_inference               |     -|  -0.11|     1198|  1.198e+04|         -|     1199|     -|        no|  4 (~0%)|  80 (22%)|  13857 (9%)|  45552 (64%)|    -|
    | + grp_hwmm_layer1_fu_339    |     -|  -0.11|      817|  8.170e+03|         -|      817|     -|        no|        -|         -|   3698 (2%)|  26816 (38%)|    -|
    | + grp_hwmm_layer2_fu_346    |     -|  -0.49|      171|  1.710e+03|         -|      171|     -|        no|        -|         -|  1196 (~0%)|    4511 (6%)|    -|
    | + grp_hwmm_layer3_fu_352    |     -|  -0.99|       84|    840.000|         -|       84|     -|        no|        -|         -|  1045 (~0%)|    1703 (2%)|    -|
    | + grp_hw_act_layer1_fu_357  |     -|  -2.07|       31|    310.000|         -|       31|     -|        no|        -|         -|   992 (~0%)|    2764 (3%)|    -|
    | o Loop 1                    |     -|  -7.30|       32|    320.000|         1|        1|    32|       yes|        -|         -|           -|            -|    -|
    | o Loop 2                    |     -|  -7.30|       16|    160.000|         1|        1|    16|       yes|        -|         -|           -|            -|    -|
    +-----------------------------+------+-------+---------+-----------+----------+---------+------+----------+---------+----------+------------+-------------+-----+

