

================================================================
== Synthesis Summary Report of 'nn_inference'
================================================================
+ General Information: 
    * Date:           Fri Dec  6 12:36:24 2024
    * Version:        2020.2 (Build 3064766 on Wed Nov 18 09:12:47 MST 2020)
    * Project:        neural_network_hls
    * Solution:       solution1 (Vivado IP Flow Target)
    * Product family: zynquplus
    * Target device:  xczu3eg-sbva484-1-e
    

+ Performance & Resource Estimates: 
    
    PS: '+' for module; 'o' for loop; '*' for dataflow
    +----------------+--------+-------+---------+-----------+----------+---------+------+----------+---------+-----------+-------------+-------------+-----+
    |     Modules    |  Issue |       | Latency |  Latency  | Iteration|         | Trip |          |         |           |             |             |     |
    |     & Loops    |  Type  | Slack | (cycles)|    (ns)   |  Latency | Interval| Count| Pipelined|  BRAM   |    DSP    |      FF     |     LUT     | URAM|
    +----------------+--------+-------+---------+-----------+----------+---------+------+----------+---------+-----------+-------------+-------------+-----+
    |+ nn_inference  |  Timing|   5.26|    13239|  1.663e+05|         -|    13240|     -|        no|  12 (2%)|  160 (44%)|  17526 (12%)|  13795 (19%)|    -|
    | o Loop 1       |       -|  -7.30|       32|    401.952|         1|        1|    32|       yes|        -|          -|            -|            -|    -|
    | o Loop 2       |       -|  -7.30|       16|    200.976|         1|        1|    16|       yes|        -|          -|            -|            -|    -|
    | o Loop 3       |       -|  -7.30|       10|    125.610|         1|        1|    10|       yes|        -|          -|            -|            -|    -|
    | o col_prod     |      II|  -7.30|    12806|  1.609e+05|        11|        4|  3200|       yes|        -|          -|            -|            -|    -|
    | o loop1        |       -|  -7.30|       33|    414.513|         3|        1|    32|       yes|        -|          -|            -|            -|    -|
    | o col          |       -|  -7.30|      179|  2.248e+03|       165|        1|    16|       yes|        -|          -|            -|            -|    -|
    | o loop1        |       -|  -7.30|       17|    213.537|         3|        1|    16|       yes|        -|          -|            -|            -|    -|
    | o col          |       -|  -7.30|       93|  1.168e+03|        85|        1|    10|       yes|        -|          -|            -|            -|    -|
    | o loop1        |       -|  -7.30|       11|    138.171|         3|        1|    10|       yes|        -|          -|            -|            -|    -|
    +----------------+--------+-------+---------+-----------+----------+---------+------+----------+---------+-----------+-------------+-------------+-----+

